\BOOKMARK [1][]{section.1}{\376\377\0001\000\040\137\025\212\000}{}% 1
\BOOKMARK [2][]{subsection.1.1}{\376\377\0001\000.\0001\000\040\121\163\116\216\217\331\116\000\230\171\166\356\166\204\145\207\163\056\214\003\170\024\176\323\147\234}{section.1}% 2
\BOOKMARK [2][]{subsection.1.2}{\376\377\0001\000.\0002\000\040\142\021\116\354\170\024\172\166\217\331\116\000\230\171\166\356\166\204\140\035\215\357}{section.1}% 3
\BOOKMARK [2][]{subsection.1.3}{\376\377\0001\000.\0003\000\040\140\073\176\323\142\021\116\354\137\227\122\060\166\204\116\000\116\233\176\323\147\234}{section.1}% 4
\BOOKMARK [1][]{section.2}{\376\377\0002\000\040\127\372\116\216\137\256\142\160\154\325\213\241\173\227\154\046\123\237\133\120\127\372\140\001\200\375\221\317}{}% 5
\BOOKMARK [2][]{subsection.2.1}{\376\377\0002\000.\0001\000\040\137\256\142\160\154\325\166\204\137\142\137\017\164\006\213\272}{section.2}% 6
\BOOKMARK [2][]{subsection.2.2}{\376\377\0002\000.\0002\000\040\200\375\221\317\166\204\226\366\226\066}{section.2}% 7
\BOOKMARK [2][]{subsection.2.3}{\376\377\0002\000.\0003\000\040\200\375\221\317\166\204\116\000\226\066}{section.2}% 8
\BOOKMARK [1][]{section.3}{\376\377\0003\000\040\127\372\116\216\123\330\122\006\154\325\213\241\173\227\154\046\123\237\133\120\127\372\140\001\200\375\221\317}{}% 9
\BOOKMARK [2][]{subsection.3.1}{\376\377\0003\000.\0001\000\040\123\330\122\006\154\325\166\204\150\070\137\303\123\237\164\006}{section.3}% 10
\BOOKMARK [2][]{subsection.3.2}{\376\377\0003\000.\0002\000\040\127\372\116\216\137\256\142\160\154\325\166\204\213\325\143\242\154\342\121\375\145\160}{section.3}% 11
\BOOKMARK [2][]{subsection.3.3}{\376\377\0003\000.\0003\000\040\127\372\116\216\165\065\133\120\116\221\166\204\134\117\205\075\145\110\136\224\166\204\213\325\143\242\154\342\121\375\145\160}{section.3}% 12
\BOOKMARK [1][]{section.4}{\376\377\0004\000\040\127\372\116\216\000H\000y\000l\000l\000e\000r\000a\000a\000s\145\271\154\325\213\241\173\227\154\046\123\237\133\120\127\372\140\001\200\375\221\317}{}% 13
\BOOKMARK [2][]{subsection.4.1}{\376\377\0004\000.\0001\000\040\000H\000y\000l\000l\000e\000r\000a\000a\000s\145\271\154\325}{section.4}% 14
\BOOKMARK [2][]{subsection.4.2}{\376\377\0004\000.\0002\000\040\150\071\143\156\166\370\121\163\123\302\200\003\145\207\163\056\116\055\166\204\140\035\215\357\177\026\172\013\133\236\163\260\154\046\123\237\133\120\127\372\140\001\200\375\221\317\166\204\121\167\117\123\213\241\173\227}{section.4}% 15
\BOOKMARK [2][]{subsection.4.3}{\376\377\0004\000.\0003\000\040\127\372\116\216\171\136\176\317\177\121\176\334\166\204\000H\000y\000l\000l\000e\000r\000a\000a\000s\145\271\154\325\133\236\163\260}{section.4}% 16
\BOOKMARK [1][]{section.5}{\376\377\0005\000\040\140\073\176\323\116\016\201\364\214\042}{}% 17
\BOOKMARK [2][]{subsection.5.1}{\376\377\0005\000.\0001\000\040\176\323\213\272\060\001\137\303\137\227\116\016\117\123\117\032}{section.5}% 18
\BOOKMARK [2][]{subsection.5.2}{\376\377\0005\000.\0002\000\040\201\364\214\042}{section.5}% 19
\BOOKMARK [1][]{subsection.5.2}{\376\377\123\302\200\003\145\207\163\056}{}% 20
\BOOKMARK [1][]{Item.13}{\376\377\226\104\000\040\137\125}{}% 21
\BOOKMARK [2][]{subsection.5.1}{\376\377\000A\000\040\121\154\137\017\210\150}{Item.13}% 22
