\BOOKMARK [1][]{section.1}{\376\377\0001\000\040\230\204\116\140\142\245\124\112}{}% 1
\BOOKMARK [2][]{subsection.1.1}{\376\377\0001\000.\0001\000\040\133\236\232\214\151\202\217\360}{section.1}% 2
\BOOKMARK [2][]{subsection.1.2}{\376\377\0001\000.\0002\000\040\133\236\232\214\123\237\164\006}{section.1}% 3
\BOOKMARK [3][]{subsubsection.1.2.1}{\376\377\0001\000.\0002\000.\0001\000\040\127\372\147\054\162\151\164\006\133\146\167\345\213\306\166\204\126\336\230\176}{subsection.1.2}% 4
\BOOKMARK [3][]{subsubsection.1.2.2}{\376\377\0001\000.\0002\000.\0002\000\040\201\352\123\321\123\302\221\317\116\013\217\154\143\142}{subsection.1.2}% 5
\BOOKMARK [3][]{subsubsection.1.2.3}{\376\377\0001\000.\0002\000.\0003\000\040\000C\000H\000S\000H\000\040\156\070\142\017}{subsection.1.2}% 6
\BOOKMARK [2][]{subsection.1.3}{\376\377\0001\000.\0003\000\040\122\115\140\035\200\003\230\230}{section.1}% 7
\BOOKMARK [1][]{section.2}{\376\377\0002\000\040\133\236\232\214}{}% 8
\BOOKMARK [2][]{subsection.2.1}{\376\377\0002\000.\0001\000\040\155\113\213\325\152\041\127\127\166\204\144\055\136\372\116\016\150\041\121\306}{section.2}% 9
\BOOKMARK [2][]{subsection.2.2}{\376\377\0002\000.\0002\000\040\176\240\177\040\162\171\140\047\155\113\213\325}{section.2}% 10
\BOOKMARK [3][]{subsubsection.2.2.1}{\376\377\0002\000.\0002\000.\0001\000\040\176\240\177\040\116\256\136\246\124\214\133\371\153\324\136\246\155\113\221\317}{subsection.2.2}% 11
\BOOKMARK [3][]{subsubsection.2.2.2}{\376\377\0002\000.\0002\000.\0002\000\040\117\335\167\037\136\246\155\113\221\317}{subsection.2.2}% 12
\BOOKMARK [3][]{subsubsection.2.2.3}{\376\377\0002\000.\0002\000.\0003\000\040\000C\000H\000S\000H\156\070\142\017}{subsection.2.2}% 13
\BOOKMARK [1][]{section.3}{\376\377\0003\000\040\122\006\147\220\116\016\213\250\213\272}{}% 14
\BOOKMARK [2][]{subsection.3.1}{\376\377\0003\000.\0001\000\040\127\372\116\216\000i\000M\000L\000E\145\271\154\325\166\204\221\317\133\120\140\001\145\255\134\102\142\153\143\317\116\016\117\335\167\037\136\246\213\241\173\227}{section.3}% 15
\BOOKMARK [3][]{subsubsection.3.1.1}{\376\377\0003\000.\0001\000.\0001\000\040\117\335\167\037\136\246}{subsection.3.1}% 16
\BOOKMARK [3][]{subsubsection.3.1.2}{\376\377\0003\000.\0001\000.\0002\000\040\221\317\133\120\140\001\145\255\134\102\142\153\143\317}{subsection.3.1}% 17
\BOOKMARK [3][]{subsubsection.3.1.3}{\376\377\0003\000.\0001\000.\0003\000\040\000i\000M\000L\000E\145\271\154\325\060\001\176\323\147\234\116\016\124\016\176\355\134\125\147\033}{subsection.3.1}% 18
\BOOKMARK [2][]{subsection.3.2}{\376\377\0003\000.\0002\000\040\000C\000H\000S\000H\000\040\156\070\142\017\176\323\147\234\122\006\147\220}{section.3}% 19
\BOOKMARK [3][]{subsubsection.3.2.1}{\376\377\0003\000.\0002\000.\0001\000\040\133\371\155\113\213\325\152\041\127\127\121\111\133\146\121\103\116\366\117\134\165\050\166\204\143\242\213\250}{subsection.3.2}% 20
\BOOKMARK [3][]{subsubsection.3.2.2}{\376\377\0003\000.\0002\000.\0002\000\040\133\371\133\236\232\214\176\323\147\234\166\204\143\242\213\250\116\016\122\006\147\220}{subsection.3.2}% 21
\BOOKMARK [1][]{subsubsection.3.2.2}{\376\377\123\302\200\003\145\207\163\056}{}% 22
\BOOKMARK [1][]{Item.21}{\376\377\226\104\000\040\137\125}{}% 23
\BOOKMARK [2][]{subsection.3.1}{\376\377\000A\000\040\210\145\121\105\147\120\145\231}{Item.21}% 24
\BOOKMARK [2][]{subsection.3.2}{\376\377\000B\000\040\133\236\232\214\116\352\126\150}{Item.21}% 25
