\BOOKMARK [1][]{section.1}{\376\377\0001\000\040\116\352\126\150\127\372\147\054\117\341\140\157}{}% 1
\BOOKMARK [1][]{section.2}{\376\377\0002\000\040\142\200\147\057\123\302\145\160\116\016\150\007\121\306}{}% 2
\BOOKMARK [2][]{subsection.2.1}{\376\377\0002\000.\0001\000\040\155\113\221\317\203\003\126\364\377\010\221\317\172\013\377\011}{section.2}% 3
\BOOKMARK [2][]{subsection.2.2}{\376\377\0002\000.\0002\000\040\174\276\136\246\116\016\122\006\217\250\163\207}{section.2}% 4
\BOOKMARK [2][]{subsection.2.3}{\376\377\0002\000.\0003\000\040\142\147\210\114\150\007\121\306}{section.2}% 5
\BOOKMARK [1][]{section.3}{\376\377\0003\000\040\220\002\165\050\147\141\116\366\116\016\117\177\165\050\127\072\146\157}{}% 6
\BOOKMARK [2][]{subsection.3.1}{\376\377\0003\000.\0001\000\040\163\257\130\203\220\002\165\050\147\141\116\366}{section.3}% 7
\BOOKMARK [2][]{subsection.3.2}{\376\377\0003\000.\0002\000\040\121\170\127\213\117\177\165\050\127\072\146\157}{section.3}% 8
\BOOKMARK [2][]{subsection.3.3}{\376\377\0003\000.\0003\000\040\133\211\210\305\137\142\137\017\116\016\220\002\136\224\140\047\213\364\146\016}{section.3}% 9
\BOOKMARK [1][]{section.4}{\376\377\0004\000\040\135\345\117\134\123\237\164\006\116\016\176\323\147\204\151\202\217\360}{}% 10
\BOOKMARK [2][]{subsection.4.1}{\376\377\0004\000.\0001\000\040\155\113\156\051\123\237\164\006\151\202\217\360\377\010\160\355\165\065\120\166\060\001\160\355\145\117\165\065\226\073\060\001\000R\000T\000D\377\011}{section.4}% 11
\BOOKMARK [3][]{subsubsection.4.1.1}{\376\377\0004\000.\0001\000.\0001\000\040\160\355\165\065\120\166\377\010\000T\000h\000e\000r\000m\000o\000c\000o\000u\000p\000l\000e\377\011}{subsection.4.1}% 12
\BOOKMARK [3][]{subsubsection.4.1.2}{\376\377\0004\000.\0001\000.\0002\000\040\160\355\145\117\165\065\226\073\377\010\000T\000h\000e\000r\000m\000i\000s\000t\000o\000r\377\011}{subsection.4.1}% 13
\BOOKMARK [3][]{subsubsection.4.1.3}{\376\377\0004\000.\0001\000.\0003\000\040\165\065\226\073\156\051\136\246\150\300\155\113\126\150\377\010\000R\000T\000D\377\011}{subsection.4.1}% 14
\BOOKMARK [2][]{subsection.4.2}{\376\377\0004\000.\0002\000\040\000R\000T\000D\000\040\123\237\164\006}{section.4}% 15
\BOOKMARK [3][]{subsubsection.4.2.1}{\376\377\0004\000.\0002\000.\0001\000\040\156\051\136\246\000-\165\065\226\073\121\163\174\373\377\010\000R\040\023\000T\000\040\121\163\174\373\377\011}{subsection.4.2}% 16
\BOOKMARK [3][]{subsubsection.4.2.2}{\376\377\0004\000.\0002\000.\0002\000\040\156\051\136\246\174\373\145\160\377\010\000T\000C\000R\377\011}{subsection.4.2}% 17
\BOOKMARK [3][]{subsubsection.4.2.3}{\376\377\0004\000.\0002\000.\0003\000\040\147\204\220\040\174\173\127\213}{subsection.4.2}% 18
\BOOKMARK [3][]{subsubsection.4.2.4}{\376\377\0004\000.\0002\000.\0004\000\040\143\245\176\277\145\271\137\017}{subsection.4.2}% 19
\BOOKMARK [3][]{subsubsection.4.2.5}{\376\377\0004\000.\0002\000.\0005\000\040\150\041\121\306\145\271\154\325}{subsection.4.2}% 20
\BOOKMARK [3][]{subsubsection.4.2.6}{\376\377\0004\000.\0002\000.\0006\000\040\176\374\124\010\140\047\200\375\213\304\116\367}{subsection.4.2}% 21
\BOOKMARK [2][]{subsection.4.3}{\376\377\0004\000.\0003\000\040\000R\000o\000s\000e\000m\000o\000u\000n\000t\000\040\145\347\127\213\123\367\000\040\0004\0004\0004\000R\000\040\123\237\164\006\126\376\211\343\147\220}{section.4}% 22
\BOOKMARK [3][]{subsubsection.4.3.1}{\376\377\0004\000.\0003\000.\0001\000\040\174\373\176\337\176\323\147\204\116\016\117\341\123\367\155\101\172\013}{subsection.4.3}% 23
\BOOKMARK [3][]{subsubsection.4.3.2}{\376\377\0004\000.\0003\000.\0002\000\040\123\237\164\006\211\343\147\220\116\016\162\151\164\006\126\376\120\317}{subsection.4.3}% 24
\BOOKMARK [3][]{subsubsection.4.3.3}{\376\377\0004\000.\0003\000.\0003\000\040\134\017\176\323\116\016\210\145\121\105\213\364\146\016}{subsection.4.3}% 25
\BOOKMARK [1][]{section.5}{\376\377\0005\000\040\116\352\126\150\117\030\177\072\160\271\122\006\147\220}{}% 26
\BOOKMARK [2][]{subsection.5.1}{\376\377\0005\000.\0001\000\040\116\073\211\201\117\030\160\271}{section.5}% 27
\BOOKMARK [2][]{subsection.5.2}{\376\377\0005\000.\0002\000\040\157\134\127\050\134\100\226\120\116\016\145\071\217\333\145\271\124\021}{section.5}% 28
\BOOKMARK [1][]{section.6}{\376\377\0006\000\040\140\073\176\323}{}% 29
\BOOKMARK [1][]{section.6}{\376\377\123\302\200\003\145\207\163\056}{}% 30
\BOOKMARK [1][]{Item.10}{\376\377\226\104\000\040\137\125}{}% 31
\BOOKMARK [2][]{subsection.6.1}{\376\377\000A\000\040\000R\000o\000s\000e\000m\000o\000u\000n\000t\000\040\0002\0001\0004\000C\000\040\174\373\122\027\166\370\121\163\142\200\147\057\126\376\171\072\377\010\123\302\200\003\145\207\150\143\126\376\171\072\377\011}{Item.10}% 32
